172.28.0.1 - - [27/Jul/2024:17:12:44 +0000] "GET /admin/pariwisata HTTP/1.1" 500 374409 "-" "Mozilla/5.0 (X11; Linux x86_64) AppleWebKit/537.36 (KHTML, like Gecko) Chrome/126.0.0.0 Safari/537.36"
172.28.0.1 - - [27/Jul/2024:17:13:06 +0000] "GET /api/pariwisata HTTP/1.1" 200 1540 "-" "GuzzleHttp/7"
172.28.0.1 - - [27/Jul/2024:17:13:07 +0000] "GET /admin/pariwisata HTTP/1.1" 500 375386 "http://localhost/admin/pariwisata" "Mozilla/5.0 (X11; Linux x86_64) AppleWebKit/537.36 (KHTML, like Gecko) Chrome/126.0.0.0 Safari/537.36"
172.28.0.1 - - [27/Jul/2024:17:14:09 +0000] "GET /api/pariwisata HTTP/1.1" 200 1540 "-" "GuzzleHttp/7"
172.28.0.1 - - [27/Jul/2024:17:14:09 +0000] "GET /admin/pariwisata HTTP/1.1" 500 375362 "http://localhost/admin/pariwisata" "Mozilla/5.0 (X11; Linux x86_64) AppleWebKit/537.36 (KHTML, like Gecko) Chrome/126.0.0.0 Safari/537.36"
172.28.0.1 - - [27/Jul/2024:17:14:15 +0000] "GET /api/pariwisata HTTP/1.1" 200 1540 "-" "GuzzleHttp/7"
172.28.0.1 - - [27/Jul/2024:17:14:16 +0000] "GET /admin/pariwisata HTTP/1.1" 500 376292 "http://localhost/admin/pariwisata" "Mozilla/5.0 (X11; Linux x86_64) AppleWebKit/537.36 (KHTML, like Gecko) Chrome/126.0.0.0 Safari/537.36"
172.28.0.1 - - [27/Jul/2024:17:14:28 +0000] "GET /api/pariwisata HTTP/1.1" 200 1540 "-" "GuzzleHttp/7"
172.28.0.1 - - [27/Jul/2024:17:14:28 +0000] "GET /admin/pariwisata HTTP/1.1" 200 4000 "http://localhost/admin/pariwisata" "Mozilla/5.0 (X11; Linux x86_64) AppleWebKit/537.36 (KHTML, like Gecko) Chrome/126.0.0.0 Safari/537.36"
192.168.167.219 - - [27/Jul/2024:17:14:29 +0000] "GET /storage/pariwisata/0 HTTP/1.1" 404 2311 "http://localhost/" "Mozilla/5.0 (X11; Linux x86_64) AppleWebKit/537.36 (KHTML, like Gecko) Chrome/126.0.0.0 Safari/537.36"
172.28.0.1 - - [27/Jul/2024:17:15:56 +0000] "GET /api/pariwisata HTTP/1.1" 200 1540 "-" "GuzzleHttp/7"
172.28.0.1 - - [27/Jul/2024:17:15:56 +0000] "GET /admin/pariwisata HTTP/1.1" 200 5367 "http://localhost/admin/pariwisata" "Mozilla/5.0 (X11; Linux x86_64) AppleWebKit/537.36 (KHTML, like Gecko) Chrome/126.0.0.0 Safari/537.36"
192.168.167.219 - - [27/Jul/2024:17:15:56 +0000] "GET /storage/pariwisata/0 HTTP/1.1" 404 2311 "http://localhost/" "Mozilla/5.0 (X11; Linux x86_64) AppleWebKit/537.36 (KHTML, like Gecko) Chrome/126.0.0.0 Safari/537.36"
172.28.0.1 - - [27/Jul/2024:17:16:05 +0000] "GET /api/berita?pub=1&judul= HTTP/1.1" 200 2332 "-" "GuzzleHttp/7"
172.28.0.1 - - [27/Jul/2024:17:16:05 +0000] "GET /api/pengumuman?pub=1&judul= HTTP/1.1" 200 4622 "-" "GuzzleHttp/7"
172.28.0.1 - - [27/Jul/2024:17:16:05 +0000] "GET /api/berita?pub=0&judul= HTTP/1.1" 200 2818 "-" "GuzzleHttp/7"
172.28.0.1 - - [27/Jul/2024:17:16:05 +0000] "GET /api/pengumuman?pub=0&judul= HTTP/1.1" 200 2274 "-" "GuzzleHttp/7"
172.28.0.1 - - [27/Jul/2024:17:16:05 +0000] "GET /api/aspirasi?judul= HTTP/1.1" 200 3476 "-" "GuzzleHttp/7"
172.28.0.1 - - [27/Jul/2024:17:16:06 +0000] "GET /admin/informasi HTTP/1.1" 200 20568 "http://localhost/admin/pariwisata" "Mozilla/5.0 (X11; Linux x86_64) AppleWebKit/537.36 (KHTML, like Gecko) Chrome/126.0.0.0 Safari/537.36"
192.168.167.219 - - [27/Jul/2024:17:16:06 +0000] "GET /storage/berita/d698e64e417df08e1d7a1ed55dbfd5ff.png HTTP/1.1" 200 6836 "http://localhost/" "Mozilla/5.0 (X11; Linux x86_64) AppleWebKit/537.36 (KHTML, like Gecko) Chrome/126.0.0.0 Safari/537.36"
192.168.167.219 - - [27/Jul/2024:17:16:06 +0000] "GET /storage/berita/KtwqP9cG3fNzhj9vnhOLogy2edRzXMFecDykbfD2.jpg HTTP/1.1" 200 222570 "http://localhost/" "Mozilla/5.0 (X11; Linux x86_64) AppleWebKit/537.36 (KHTML, like Gecko) Chrome/126.0.0.0 Safari/537.36"
192.168.167.219 - - [27/Jul/2024:17:16:06 +0000] "GET /storage/berita/1e340c270f9133d9b669f61b60c21844.png HTTP/1.1" 200 4070 "http://localhost/" "Mozilla/5.0 (X11; Linux x86_64) AppleWebKit/537.36 (KHTML, like Gecko) Chrome/126.0.0.0 Safari/537.36"
192.168.167.219 - - [27/Jul/2024:17:16:06 +0000] "GET /storage/berita/e2e1bb02c8cff6db68f762cfcb2766d3.png HTTP/1.1" 200 6504 "http://localhost/" "Mozilla/5.0 (X11; Linux x86_64) AppleWebKit/537.36 (KHTML, like Gecko) Chrome/126.0.0.0 Safari/537.36"
192.168.167.219 - - [27/Jul/2024:17:16:06 +0000] "GET /storage/berita/UnHNglljbAkIw4OInPf6qBu9v8mCSyrd6805qrLM.jpg HTTP/1.1" 200 222570 "http://localhost/" "Mozilla/5.0 (X11; Linux x86_64) AppleWebKit/537.36 (KHTML, like Gecko) Chrome/126.0.0.0 Safari/537.36"
192.168.167.219 - - [27/Jul/2024:17:16:06 +0000] "GET /storage/berita/2b10f6e2c41ba4f78b218737fbb1590b.png HTTP/1.1" 200 4164 "http://localhost/" "Mozilla/5.0 (X11; Linux x86_64) AppleWebKit/537.36 (KHTML, like Gecko) Chrome/126.0.0.0 Safari/537.36"
192.168.167.219 - - [27/Jul/2024:17:16:06 +0000] "GET /storage/berita/1a4d64391300e47b8f697982ab6861d0.png HTTP/1.1" 200 4209 "http://localhost/" "Mozilla/5.0 (X11; Linux x86_64) AppleWebKit/537.36 (KHTML, like Gecko) Chrome/126.0.0.0 Safari/537.36"
192.168.167.219 - - [27/Jul/2024:17:16:06 +0000] "GET /storage/berita/15f22d094ff259053f8ebc870bea49b2.png HTTP/1.1" 200 6463 "http://localhost/" "Mozilla/5.0 (X11; Linux x86_64) AppleWebKit/537.36 (KHTML, like Gecko) Chrome/126.0.0.0 Safari/537.36"
192.168.167.219 - - [27/Jul/2024:17:16:06 +0000] "GET /storage/berita/1b54c62de818a29df5d5b445ac69ccc2.png HTTP/1.1" 200 5168 "http://localhost/" "Mozilla/5.0 (X11; Linux x86_64) AppleWebKit/537.36 (KHTML, like Gecko) Chrome/126.0.0.0 Safari/537.36"
192.168.167.219 - - [27/Jul/2024:17:16:06 +0000] "GET /storage/berita/1774b91c64c0edd46d270a30ce49ddb5.png HTTP/1.1" 200 6297 "http://localhost/" "Mozilla/5.0 (X11; Linux x86_64) AppleWebKit/537.36 (KHTML, like Gecko) Chrome/126.0.0.0 Safari/537.36"
172.28.0.1 - - [27/Jul/2024:17:18:03 +0000] "GET /api/berita?pub=1&judul= HTTP/1.1" 200 2332 "-" "GuzzleHttp/7"
172.28.0.1 - - [27/Jul/2024:17:18:03 +0000] "GET /api/pengumuman?pub=1&judul= HTTP/1.1" 200 4622 "-" "GuzzleHttp/7"
172.28.0.1 - - [27/Jul/2024:17:18:03 +0000] "GET /api/berita?pub=0&judul= HTTP/1.1" 200 2818 "-" "GuzzleHttp/7"
172.28.0.1 - - [27/Jul/2024:17:18:04 +0000] "GET /api/pengumuman?pub=0&judul= HTTP/1.1" 200 2274 "-" "GuzzleHttp/7"
172.28.0.1 - - [27/Jul/2024:17:18:04 +0000] "GET /api/aspirasi?judul= HTTP/1.1" 200 3476 "-" "GuzzleHttp/7"
172.28.0.1 - - [27/Jul/2024:17:18:04 +0000] "GET /admin/informasi HTTP/1.1" 200 20568 "http://localhost/admin/informasi" "Mozilla/5.0 (X11; Linux x86_64) AppleWebKit/537.36 (KHTML, like Gecko) Chrome/126.0.0.0 Safari/537.36"
172.28.0.1 - - [27/Jul/2024:17:18:17 +0000] "GET /api/berita?pub=1&judul= HTTP/1.1" 200 2332 "-" "GuzzleHttp/7"
172.28.0.1 - - [27/Jul/2024:17:18:17 +0000] "GET /api/pengumuman?pub=1&judul= HTTP/1.1" 200 4622 "-" "GuzzleHttp/7"
172.28.0.1 - - [27/Jul/2024:17:18:17 +0000] "GET /api/berita?pub=0&judul= HTTP/1.1" 200 2818 "-" "GuzzleHttp/7"
172.28.0.1 - - [27/Jul/2024:17:18:17 +0000] "GET /api/pengumuman?pub=0&judul= HTTP/1.1" 200 2274 "-" "GuzzleHttp/7"
172.28.0.1 - - [27/Jul/2024:17:18:17 +0000] "GET /api/aspirasi?judul= HTTP/1.1" 200 3476 "-" "GuzzleHttp/7"
172.28.0.1 - - [27/Jul/2024:17:18:17 +0000] "GET /admin/informasi HTTP/1.1" 200 20568 "http://localhost/admin/informasi" "Mozilla/5.0 (X11; Linux x86_64) AppleWebKit/537.36 (KHTML, like Gecko) Chrome/126.0.0.0 Safari/537.36"
172.28.0.1 - - [27/Jul/2024:17:18:37 +0000] "GET /api/berita?pub=1&judul= HTTP/1.1" 200 2332 "-" "GuzzleHttp/7"
172.28.0.1 - - [27/Jul/2024:17:18:37 +0000] "GET /api/pengumuman?pub=1&judul= HTTP/1.1" 200 4622 "-" "GuzzleHttp/7"
172.28.0.1 - - [27/Jul/2024:17:18:37 +0000] "GET /api/berita?pub=0&judul= HTTP/1.1" 200 2818 "-" "GuzzleHttp/7"
172.28.0.1 - - [27/Jul/2024:17:18:38 +0000] "GET /api/pengumuman?pub=0&judul= HTTP/1.1" 200 2274 "-" "GuzzleHttp/7"
172.28.0.1 - - [27/Jul/2024:17:18:38 +0000] "GET /api/aspirasi?judul= HTTP/1.1" 200 3476 "-" "GuzzleHttp/7"
172.28.0.1 - - [27/Jul/2024:17:18:38 +0000] "GET /admin/informasi HTTP/1.1" 200 20568 "http://localhost/admin/informasi" "Mozilla/5.0 (X11; Linux x86_64) AppleWebKit/537.36 (KHTML, like Gecko) Chrome/126.0.0.0 Safari/537.36"
172.28.0.1 - - [27/Jul/2024:17:20:05 +0000] "GET /api/pariwisata HTTP/1.1" 200 1540 "-" "GuzzleHttp/7"
172.28.0.1 - - [27/Jul/2024:17:20:05 +0000] "GET /admin/pariwisata HTTP/1.1" 200 5744 "http://localhost/admin/informasi" "Mozilla/5.0 (X11; Linux x86_64) AppleWebKit/537.36 (KHTML, like Gecko) Chrome/126.0.0.0 Safari/537.36"
192.168.167.219 - - [27/Jul/2024:17:20:05 +0000] "GET /storage/pariwisata/0 HTTP/1.1" 404 2311 "http://localhost/" "Mozilla/5.0 (X11; Linux x86_64) AppleWebKit/537.36 (KHTML, like Gecko) Chrome/126.0.0.0 Safari/537.36"
172.28.0.1 - - [27/Jul/2024:17:20:51 +0000] "GET /api/pariwisata HTTP/1.1" 200 1540 "-" "GuzzleHttp/7"
172.28.0.1 - - [27/Jul/2024:17:20:51 +0000] "GET /admin/pariwisata HTTP/1.1" 200 5751 "http://localhost/admin/pariwisata" "Mozilla/5.0 (X11; Linux x86_64) AppleWebKit/537.36 (KHTML, like Gecko) Chrome/126.0.0.0 Safari/537.36"
192.168.167.219 - - [27/Jul/2024:17:20:51 +0000] "GET /storage/pariwisata/0 HTTP/1.1" 404 2311 "http://localhost/" "Mozilla/5.0 (X11; Linux x86_64) AppleWebKit/537.36 (KHTML, like Gecko) Chrome/126.0.0.0 Safari/537.36"
172.28.0.1 - - [27/Jul/2024:17:21:44 +0000] "GET /api/pariwisata HTTP/1.1" 200 1540 "-" "GuzzleHttp/7"
172.28.0.1 - - [27/Jul/2024:17:21:44 +0000] "GET /admin/pariwisata HTTP/1.1" 200 5867 "http://localhost/admin/pariwisata" "Mozilla/5.0 (X11; Linux x86_64) AppleWebKit/537.36 (KHTML, like Gecko) Chrome/126.0.0.0 Safari/537.36"
192.168.167.219 - - [27/Jul/2024:17:21:44 +0000] "GET /storage/pariwisata/0 HTTP/1.1" 404 2311 "http://localhost/" "Mozilla/5.0 (X11; Linux x86_64) AppleWebKit/537.36 (KHTML, like Gecko) Chrome/126.0.0.0 Safari/537.36"
172.28.0.1 - - [27/Jul/2024:17:22:12 +0000] "GET /api/pariwisata HTTP/1.1" 200 1540 "-" "GuzzleHttp/7"
172.28.0.1 - - [27/Jul/2024:17:22:12 +0000] "GET /admin/pariwisata HTTP/1.1" 200 5890 "http://localhost/admin/pariwisata" "Mozilla/5.0 (X11; Linux x86_64) AppleWebKit/537.36 (KHTML, like Gecko) Chrome/126.0.0.0 Safari/537.36"
192.168.167.219 - - [27/Jul/2024:17:22:13 +0000] "GET /storage/pariwisata/0 HTTP/1.1" 404 2311 "http://localhost/" "Mozilla/5.0 (X11; Linux x86_64) AppleWebKit/537.36 (KHTML, like Gecko) Chrome/126.0.0.0 Safari/537.36"
172.28.0.1 - - [27/Jul/2024:17:22:25 +0000] "GET /api/pariwisata HTTP/1.1" 200 1540 "-" "GuzzleHttp/7"
172.28.0.1 - - [27/Jul/2024:17:22:25 +0000] "GET /admin/pariwisata HTTP/1.1" 200 5892 "http://localhost/admin/pariwisata" "Mozilla/5.0 (X11; Linux x86_64) AppleWebKit/537.36 (KHTML, like Gecko) Chrome/126.0.0.0 Safari/537.36"
192.168.167.219 - - [27/Jul/2024:17:22:25 +0000] "GET /storage/pariwisata/0 HTTP/1.1" 404 2311 "http://localhost/" "Mozilla/5.0 (X11; Linux x86_64) AppleWebKit/537.36 (KHTML, like Gecko) Chrome/126.0.0.0 Safari/537.36"
172.28.0.1 - - [27/Jul/2024:17:23:22 +0000] "GET /api/data-desa/1 HTTP/1.1" 200 585 "-" "GuzzleHttp/7"
172.28.0.1 - - [27/Jul/2024:17:23:23 +0000] "GET /api/v-misi HTTP/1.1" 200 695 "-" "GuzzleHttp/7"
172.28.0.1 - - [27/Jul/2024:17:23:23 +0000] "GET /api/data-desa/2 HTTP/1.1" 200 444 "-" "GuzzleHttp/7"
172.28.0.1 - - [27/Jul/2024:17:23:23 +0000] "GET /admin/profil-desa HTTP/1.1" 200 5357 "-" "Mozilla/5.0 (X11; Linux x86_64) AppleWebKit/537.36 (KHTML, like Gecko) Chrome/126.0.0.0 Safari/537.36"
172.28.0.1 - - [27/Jul/2024:17:23:27 +0000] "GET /api/pariwisata HTTP/1.1" 200 1492 "-" "Mozilla/5.0 (X11; Linux x86_64) AppleWebKit/537.36 (KHTML, like Gecko) Chrome/126.0.0.0 Safari/537.36"
172.28.0.1 - - [27/Jul/2024:17:23:40 +0000] "GET /api/pariwisata HTTP/1.1" 200 1540 "-" "GuzzleHttp/7"
172.28.0.1 - - [27/Jul/2024:17:23:40 +0000] "GET /admin/pariwisata HTTP/1.1" 200 5691 "http://localhost/admin/pariwisata" "Mozilla/5.0 (X11; Linux x86_64) AppleWebKit/537.36 (KHTML, like Gecko) Chrome/126.0.0.0 Safari/537.36"
192.168.167.219 - - [27/Jul/2024:17:23:41 +0000] "GET /storage/pariwisata/0 HTTP/1.1" 404 2311 "http://localhost/" "Mozilla/5.0 (X11; Linux x86_64) AppleWebKit/537.36 (KHTML, like Gecko) Chrome/126.0.0.0 Safari/537.36"
172.28.0.1 - - [27/Jul/2024:17:23:53 +0000] "GET /api/pariwisata HTTP/1.1" 200 1540 "-" "GuzzleHttp/7"
172.28.0.1 - - [27/Jul/2024:17:23:53 +0000] "GET /admin/pariwisata HTTP/1.1" 200 5669 "http://localhost/admin/pariwisata" "Mozilla/5.0 (X11; Linux x86_64) AppleWebKit/537.36 (KHTML, like Gecko) Chrome/126.0.0.0 Safari/537.36"
192.168.167.219 - - [27/Jul/2024:17:23:54 +0000] "GET /storage/pariwisata/0 HTTP/1.1" 404 2311 "http://localhost/" "Mozilla/5.0 (X11; Linux x86_64) AppleWebKit/537.36 (KHTML, like Gecko) Chrome/126.0.0.0 Safari/537.36"
172.28.0.1 - - [27/Jul/2024:17:24:09 +0000] "GET /api/pariwisata HTTP/1.1" 200 1540 "-" "GuzzleHttp/7"
172.28.0.1 - - [27/Jul/2024:17:24:09 +0000] "GET /admin/pariwisata HTTP/1.1" 200 5670 "http://localhost/admin/pariwisata" "Mozilla/5.0 (X11; Linux x86_64) AppleWebKit/537.36 (KHTML, like Gecko) Chrome/126.0.0.0 Safari/537.36"
192.168.167.219 - - [27/Jul/2024:17:24:10 +0000] "GET /storage/pariwisata/0 HTTP/1.1" 404 2311 "http://localhost/" "Mozilla/5.0 (X11; Linux x86_64) AppleWebKit/537.36 (KHTML, like Gecko) Chrome/126.0.0.0 Safari/537.36"
172.28.0.1 - - [27/Jul/2024:17:24:40 +0000] "GET /api/pariwisata HTTP/1.1" 200 1540 "-" "GuzzleHttp/7"
172.28.0.1 - - [27/Jul/2024:17:24:40 +0000] "GET /admin/pariwisata HTTP/1.1" 200 5674 "http://localhost/admin/pariwisata" "Mozilla/5.0 (X11; Linux x86_64) AppleWebKit/537.36 (KHTML, like Gecko) Chrome/126.0.0.0 Safari/537.36"
192.168.167.219 - - [27/Jul/2024:17:24:41 +0000] "GET /storage/pariwisata/0 HTTP/1.1" 404 2311 "http://localhost/" "Mozilla/5.0 (X11; Linux x86_64) AppleWebKit/537.36 (KHTML, like Gecko) Chrome/126.0.0.0 Safari/537.36"
172.28.0.1 - - [27/Jul/2024:17:25:04 +0000] "GET /api/pariwisata HTTP/1.1" 200 1540 "-" "GuzzleHttp/7"
172.28.0.1 - - [27/Jul/2024:17:25:04 +0000] "GET /admin/pariwisata HTTP/1.1" 200 5676 "http://localhost/admin/pariwisata" "Mozilla/5.0 (X11; Linux x86_64) AppleWebKit/537.36 (KHTML, like Gecko) Chrome/126.0.0.0 Safari/537.36"
192.168.167.219 - - [27/Jul/2024:17:25:05 +0000] "GET /storage/pariwisata/0 HTTP/1.1" 404 2311 "http://localhost/" "Mozilla/5.0 (X11; Linux x86_64) AppleWebKit/537.36 (KHTML, like Gecko) Chrome/126.0.0.0 Safari/537.36"
172.28.0.1 - - [27/Jul/2024:17:25:44 +0000] "GET /api/pariwisata HTTP/1.1" 200 1540 "-" "GuzzleHttp/7"
172.28.0.1 - - [27/Jul/2024:17:25:44 +0000] "GET /admin/pariwisata HTTP/1.1" 200 5676 "http://localhost/admin/pariwisata" "Mozilla/5.0 (X11; Linux x86_64) AppleWebKit/537.36 (KHTML, like Gecko) Chrome/126.0.0.0 Safari/537.36"
192.168.167.219 - - [27/Jul/2024:17:25:44 +0000] "GET /storage/pariwisata/0 HTTP/1.1" 404 2311 "http://localhost/" "Mozilla/5.0 (X11; Linux x86_64) AppleWebKit/537.36 (KHTML, like Gecko) Chrome/126.0.0.0 Safari/537.36"
172.28.0.1 - - [27/Jul/2024:17:25:49 +0000] "DELETE /api/pariwisata/8 HTTP/1.1" 200 72 "-" "GuzzleHttp/7"
172.28.0.1 - - [27/Jul/2024:17:25:49 +0000] "POST /admin/pariwisata/8 HTTP/1.1" 302 390 "http://localhost/admin/pariwisata" "Mozilla/5.0 (X11; Linux x86_64) AppleWebKit/537.36 (KHTML, like Gecko) Chrome/126.0.0.0 Safari/537.36"
172.28.0.1 - - [27/Jul/2024:17:25:50 +0000] "GET /api/pariwisata HTTP/1.1" 200 1368 "-" "GuzzleHttp/7"
172.28.0.1 - - [27/Jul/2024:17:25:50 +0000] "GET /admin/pariwisata HTTP/1.1" 200 5562 "http://localhost/admin/pariwisata" "Mozilla/5.0 (X11; Linux x86_64) AppleWebKit/537.36 (KHTML, like Gecko) Chrome/126.0.0.0 Safari/537.36"
192.168.167.219 - - [27/Jul/2024:17:25:50 +0000] "GET /storage/pariwisata/0 HTTP/1.1" 404 2311 "http://localhost/" "Mozilla/5.0 (X11; Linux x86_64) AppleWebKit/537.36 (KHTML, like Gecko) Chrome/126.0.0.0 Safari/537.36"
172.28.0.1 - - [27/Jul/2024:17:25:53 +0000] "DELETE /api/pariwisata/7 HTTP/1.1" 200 72 "-" "GuzzleHttp/7"
172.28.0.1 - - [27/Jul/2024:17:25:53 +0000] "POST /admin/pariwisata/7 HTTP/1.1" 302 390 "http://localhost/admin/pariwisata" "Mozilla/5.0 (X11; Linux x86_64) AppleWebKit/537.36 (KHTML, like Gecko) Chrome/126.0.0.0 Safari/537.36"
172.28.0.1 - - [27/Jul/2024:17:25:53 +0000] "GET /api/pariwisata HTTP/1.1" 200 1174 "-" "GuzzleHttp/7"
172.28.0.1 - - [27/Jul/2024:17:25:53 +0000] "GET /admin/pariwisata HTTP/1.1" 200 5389 "http://localhost/admin/pariwisata" "Mozilla/5.0 (X11; Linux x86_64) AppleWebKit/537.36 (KHTML, like Gecko) Chrome/126.0.0.0 Safari/537.36"
192.168.167.219 - - [27/Jul/2024:17:25:53 +0000] "GET /storage/pariwisata/0 HTTP/1.1" 404 2311 "http://localhost/" "Mozilla/5.0 (X11; Linux x86_64) AppleWebKit/537.36 (KHTML, like Gecko) Chrome/126.0.0.0 Safari/537.36"
172.28.0.1 - - [27/Jul/2024:17:28:41 +0000] "GET /api/pariwisata HTTP/1.1" 200 1174 "-" "GuzzleHttp/7"
172.28.0.1 - - [27/Jul/2024:17:28:41 +0000] "GET /admin/pariwisata HTTP/1.1" 200 5410 "http://localhost/admin/pariwisata" "Mozilla/5.0 (Linux; Android 6.0; Nexus 5 Build/MRA58N) AppleWebKit/537.36 (KHTML, like Gecko) Chrome/126.0.0.0 Mobile Safari/537.36"
192.168.167.219 - - [27/Jul/2024:17:28:42 +0000] "GET /storage/pariwisata/0 HTTP/1.1" 404 2311 "http://localhost/" "Mozilla/5.0 (Linux; Android 6.0; Nexus 5 Build/MRA58N) AppleWebKit/537.36 (KHTML, like Gecko) Chrome/126.0.0.0 Mobile Safari/537.36"
172.28.0.1 - - [27/Jul/2024:17:28:44 +0000] "GET /api/pariwisata HTTP/1.1" 200 1174 "-" "GuzzleHttp/7"
172.28.0.1 - - [27/Jul/2024:17:28:44 +0000] "GET /admin/pariwisata HTTP/1.1" 200 5412 "http://localhost/admin/pariwisata" "Mozilla/5.0 (Linux; Android 6.0; Nexus 5 Build/MRA58N) AppleWebKit/537.36 (KHTML, like Gecko) Chrome/126.0.0.0 Mobile Safari/537.36"
192.168.167.219 - - [27/Jul/2024:17:28:45 +0000] "GET /storage/pariwisata/0 HTTP/1.1" 404 2311 "http://localhost/" "Mozilla/5.0 (Linux; Android 6.0; Nexus 5 Build/MRA58N) AppleWebKit/537.36 (KHTML, like Gecko) Chrome/126.0.0.0 Mobile Safari/537.36"
172.28.0.1 - - [27/Jul/2024:17:29:20 +0000] "GET /api/pariwisata HTTP/1.1" 200 1174 "-" "GuzzleHttp/7"
172.28.0.1 - - [27/Jul/2024:17:29:20 +0000] "GET /admin/pariwisata HTTP/1.1" 200 5405 "http://localhost/admin/pariwisata" "Mozilla/5.0 (Linux; Android 6.0; Nexus 5 Build/MRA58N) AppleWebKit/537.36 (KHTML, like Gecko) Chrome/126.0.0.0 Mobile Safari/537.36"
192.168.167.219 - - [27/Jul/2024:17:29:20 +0000] "GET /storage/pariwisata/0 HTTP/1.1" 404 2311 "http://localhost/" "Mozilla/5.0 (Linux; Android 6.0; Nexus 5 Build/MRA58N) AppleWebKit/537.36 (KHTML, like Gecko) Chrome/126.0.0.0 Mobile Safari/537.36"
172.28.0.1 - - [27/Jul/2024:17:29:31 +0000] "POST /admin/pariwisata HTTP/1.1" 302 390 "http://localhost/admin/pariwisata" "Mozilla/5.0 (Linux; Android 6.0; Nexus 5 Build/MRA58N) AppleWebKit/537.36 (KHTML, like Gecko) Chrome/126.0.0.0 Mobile Safari/537.36"
172.28.0.1 - - [27/Jul/2024:17:29:31 +0000] "GET /api/pariwisata HTTP/1.1" 200 1174 "-" "GuzzleHttp/7"
172.28.0.1 - - [27/Jul/2024:17:29:31 +0000] "GET /admin/pariwisata HTTP/1.1" 200 5405 "http://localhost/admin/pariwisata" "Mozilla/5.0 (Linux; Android 6.0; Nexus 5 Build/MRA58N) AppleWebKit/537.36 (KHTML, like Gecko) Chrome/126.0.0.0 Mobile Safari/537.36"
192.168.167.219 - - [27/Jul/2024:17:29:32 +0000] "GET /storage/pariwisata/0 HTTP/1.1" 404 2311 "http://localhost/" "Mozilla/5.0 (Linux; Android 6.0; Nexus 5 Build/MRA58N) AppleWebKit/537.36 (KHTML, like Gecko) Chrome/126.0.0.0 Mobile Safari/537.36"
172.28.0.1 - - [27/Jul/2024:17:31:49 +0000] "POST /api/pariwisata/1?_method=PUT HTTP/1.1" 422 79 "-" "GuzzleHttp/7"
172.28.0.1 - - [27/Jul/2024:17:31:49 +0000] "POST /admin/pariwisata HTTP/1.1" 302 390 "http://localhost/admin/pariwisata" "Mozilla/5.0 (Linux; Android 6.0; Nexus 5 Build/MRA58N) AppleWebKit/537.36 (KHTML, like Gecko) Chrome/126.0.0.0 Mobile Safari/537.36"
172.28.0.1 - - [27/Jul/2024:17:31:49 +0000] "GET /api/pariwisata HTTP/1.1" 200 1174 "-" "GuzzleHttp/7"
172.28.0.1 - - [27/Jul/2024:17:31:49 +0000] "GET /admin/pariwisata HTTP/1.1" 200 5405 "http://localhost/admin/pariwisata" "Mozilla/5.0 (Linux; Android 6.0; Nexus 5 Build/MRA58N) AppleWebKit/537.36 (KHTML, like Gecko) Chrome/126.0.0.0 Mobile Safari/537.36"
192.168.167.219 - - [27/Jul/2024:17:31:50 +0000] "GET /storage/pariwisata/0 HTTP/1.1" 404 2311 "http://localhost/" "Mozilla/5.0 (Linux; Android 6.0; Nexus 5 Build/MRA58N) AppleWebKit/537.36 (KHTML, like Gecko) Chrome/126.0.0.0 Mobile Safari/537.36"
172.28.0.1 - - [27/Jul/2024:17:32:22 +0000] "GET /api/pariwisata HTTP/1.1" 200 1174 "-" "GuzzleHttp/7"
172.28.0.1 - - [27/Jul/2024:17:32:22 +0000] "GET /admin/pariwisata HTTP/1.1" 200 5410 "http://localhost/admin/pariwisata" "Mozilla/5.0 (Linux; Android 6.0; Nexus 5 Build/MRA58N) AppleWebKit/537.36 (KHTML, like Gecko) Chrome/126.0.0.0 Mobile Safari/537.36"
192.168.167.219 - - [27/Jul/2024:17:32:22 +0000] "GET /storage/pariwisata/0 HTTP/1.1" 404 2311 "http://localhost/" "Mozilla/5.0 (Linux; Android 6.0; Nexus 5 Build/MRA58N) AppleWebKit/537.36 (KHTML, like Gecko) Chrome/126.0.0.0 Mobile Safari/537.36"
172.28.0.1 - - [27/Jul/2024:17:32:28 +0000] "POST /api/pariwisata/1?_method=PUT HTTP/1.1" 422 79 "-" "GuzzleHttp/7"
172.28.0.1 - - [27/Jul/2024:17:32:28 +0000] "POST /admin/pariwisata HTTP/1.1" 302 390 "http://localhost/admin/pariwisata" "Mozilla/5.0 (Linux; Android 6.0; Nexus 5 Build/MRA58N) AppleWebKit/537.36 (KHTML, like Gecko) Chrome/126.0.0.0 Mobile Safari/537.36"
172.28.0.1 - - [27/Jul/2024:17:32:28 +0000] "GET /api/pariwisata HTTP/1.1" 200 1174 "-" "GuzzleHttp/7"
172.28.0.1 - - [27/Jul/2024:17:32:28 +0000] "GET /admin/pariwisata HTTP/1.1" 200 5618 "http://localhost/admin/pariwisata" "Mozilla/5.0 (Linux; Android 6.0; Nexus 5 Build/MRA58N) AppleWebKit/537.36 (KHTML, like Gecko) Chrome/126.0.0.0 Mobile Safari/537.36"
192.168.167.219 - - [27/Jul/2024:17:32:29 +0000] "GET /storage/pariwisata/0 HTTP/1.1" 404 2311 "http://localhost/" "Mozilla/5.0 (Linux; Android 6.0; Nexus 5 Build/MRA58N) AppleWebKit/537.36 (KHTML, like Gecko) Chrome/126.0.0.0 Mobile Safari/537.36"
172.28.0.1 - - [27/Jul/2024:17:37:07 +0000] "POST /api/pariwisata/1?_method=PUT HTTP/1.1" 200 309 "-" "GuzzleHttp/7"
172.28.0.1 - - [27/Jul/2024:17:37:07 +0000] "POST /admin/pariwisata HTTP/1.1" 302 390 "http://localhost/admin/pariwisata" "Mozilla/5.0 (Linux; Android 6.0; Nexus 5 Build/MRA58N) AppleWebKit/537.36 (KHTML, like Gecko) Chrome/126.0.0.0 Mobile Safari/537.36"
172.28.0.1 - - [27/Jul/2024:17:37:07 +0000] "GET /api/pariwisata HTTP/1.1" 200 1182 "-" "GuzzleHttp/7"
172.28.0.1 - - [27/Jul/2024:17:37:07 +0000] "GET /admin/pariwisata HTTP/1.1" 200 5671 "http://localhost/admin/pariwisata" "Mozilla/5.0 (Linux; Android 6.0; Nexus 5 Build/MRA58N) AppleWebKit/537.36 (KHTML, like Gecko) Chrome/126.0.0.0 Mobile Safari/537.36"
192.168.167.219 - - [27/Jul/2024:17:37:08 +0000] "GET /storage/pariwisata/0 HTTP/1.1" 404 2311 "http://localhost/" "Mozilla/5.0 (Linux; Android 6.0; Nexus 5 Build/MRA58N) AppleWebKit/537.36 (KHTML, like Gecko) Chrome/126.0.0.0 Mobile Safari/537.36"
172.28.0.1 - - [27/Jul/2024:17:37:26 +0000] "POST /api/pariwisata/4?_method=PUT HTTP/1.1" 200 318 "-" "GuzzleHttp/7"
172.28.0.1 - - [27/Jul/2024:17:37:26 +0000] "POST /admin/pariwisata HTTP/1.1" 302 390 "http://localhost/admin/pariwisata" "Mozilla/5.0 (Linux; Android 6.0; Nexus 5 Build/MRA58N) AppleWebKit/537.36 (KHTML, like Gecko) Chrome/126.0.0.0 Mobile Safari/537.36"
172.28.0.1 - - [27/Jul/2024:17:37:26 +0000] "GET /api/pariwisata HTTP/1.1" 200 1225 "-" "GuzzleHttp/7"
172.28.0.1 - - [27/Jul/2024:17:37:26 +0000] "GET /admin/pariwisata HTTP/1.1" 200 5725 "http://localhost/admin/pariwisata" "Mozilla/5.0 (Linux; Android 6.0; Nexus 5 Build/MRA58N) AppleWebKit/537.36 (KHTML, like Gecko) Chrome/126.0.0.0 Mobile Safari/537.36"
192.168.167.219 - - [27/Jul/2024:17:37:27 +0000] "GET /storage/pariwisata/DGr7oy02rl8KyhlrdNJcXsZAbj1hc4j4v6PzDWkH.jpg HTTP/1.1" 200 222570 "http://localhost/" "Mozilla/5.0 (Linux; Android 6.0; Nexus 5 Build/MRA58N) AppleWebKit/537.36 (KHTML, like Gecko) Chrome/126.0.0.0 Mobile Safari/537.36"
192.168.167.219 - - [27/Jul/2024:17:37:27 +0000] "GET /storage/pariwisata/0 HTTP/1.1" 404 2311 "http://localhost/" "Mozilla/5.0 (Linux; Android 6.0; Nexus 5 Build/MRA58N) AppleWebKit/537.36 (KHTML, like Gecko) Chrome/126.0.0.0 Mobile Safari/537.36"
172.28.0.1 - - [27/Jul/2024:17:38:23 +0000] "GET /api/pariwisata HTTP/1.1" 200 1225 "-" "GuzzleHttp/7"
172.28.0.1 - - [27/Jul/2024:17:38:23 +0000] "GET /admin/pariwisata HTTP/1.1" 200 5510 "http://localhost/admin/pariwisata" "Mozilla/5.0 (Linux; Android 6.0; Nexus 5 Build/MRA58N) AppleWebKit/537.36 (KHTML, like Gecko) Chrome/126.0.0.0 Mobile Safari/537.36"
192.168.167.219 - - [27/Jul/2024:17:38:23 +0000] "GET /storage/pariwisata/DGr7oy02rl8KyhlrdNJcXsZAbj1hc4j4v6PzDWkH.jpg HTTP/1.1" 304 0 "http://localhost/" "Mozilla/5.0 (Linux; Android 6.0; Nexus 5 Build/MRA58N) AppleWebKit/537.36 (KHTML, like Gecko) Chrome/126.0.0.0 Mobile Safari/537.36"
192.168.167.219 - - [27/Jul/2024:17:38:23 +0000] "GET /storage/pariwisata/0 HTTP/1.1" 404 2311 "http://localhost/" "Mozilla/5.0 (Linux; Android 6.0; Nexus 5 Build/MRA58N) AppleWebKit/537.36 (KHTML, like Gecko) Chrome/126.0.0.0 Mobile Safari/537.36"
172.28.0.1 - - [27/Jul/2024:17:38:36 +0000] "POST /admin/pariwisata HTTP/1.1" 302 390 "http://localhost/admin/pariwisata" "Mozilla/5.0 (Linux; Android 6.0; Nexus 5 Build/MRA58N) AppleWebKit/537.36 (KHTML, like Gecko) Chrome/126.0.0.0 Mobile Safari/537.36"
172.28.0.1 - - [27/Jul/2024:17:38:36 +0000] "GET /api/pariwisata HTTP/1.1" 200 1225 "-" "GuzzleHttp/7"
172.28.0.1 - - [27/Jul/2024:17:38:36 +0000] "GET /admin/pariwisata HTTP/1.1" 200 5726 "http://localhost/admin/pariwisata" "Mozilla/5.0 (Linux; Android 6.0; Nexus 5 Build/MRA58N) AppleWebKit/537.36 (KHTML, like Gecko) Chrome/126.0.0.0 Mobile Safari/537.36"
192.168.167.219 - - [27/Jul/2024:17:38:36 +0000] "GET /storage/pariwisata/DGr7oy02rl8KyhlrdNJcXsZAbj1hc4j4v6PzDWkH.jpg HTTP/1.1" 304 0 "http://localhost/" "Mozilla/5.0 (Linux; Android 6.0; Nexus 5 Build/MRA58N) AppleWebKit/537.36 (KHTML, like Gecko) Chrome/126.0.0.0 Mobile Safari/537.36"
192.168.167.219 - - [27/Jul/2024:17:38:37 +0000] "GET /storage/pariwisata/0 HTTP/1.1" 404 2311 "http://localhost/" "Mozilla/5.0 (Linux; Android 6.0; Nexus 5 Build/MRA58N) AppleWebKit/537.36 (KHTML, like Gecko) Chrome/126.0.0.0 Mobile Safari/537.36"
172.28.0.1 - - [27/Jul/2024:17:38:55 +0000] "POST /api/pariwisata HTTP/1.1" 201 274 "-" "GuzzleHttp/7"
172.28.0.1 - - [27/Jul/2024:17:38:56 +0000] "POST /admin/pariwisata HTTP/1.1" 302 390 "http://localhost/admin/pariwisata" "Mozilla/5.0 (Linux; Android 6.0; Nexus 5 Build/MRA58N) AppleWebKit/537.36 (KHTML, like Gecko) Chrome/126.0.0.0 Mobile Safari/537.36"
172.28.0.1 - - [27/Jul/2024:17:38:56 +0000] "GET /api/pariwisata HTTP/1.1" 200 1414 "-" "GuzzleHttp/7"
172.28.0.1 - - [27/Jul/2024:17:38:56 +0000] "GET /admin/pariwisata HTTP/1.1" 200 5905 "http://localhost/admin/pariwisata" "Mozilla/5.0 (Linux; Android 6.0; Nexus 5 Build/MRA58N) AppleWebKit/537.36 (KHTML, like Gecko) Chrome/126.0.0.0 Mobile Safari/537.36"
192.168.167.219 - - [27/Jul/2024:17:38:56 +0000] "GET /storage/pariwisata/Tij2dVfp9smXoHUzvll2VFyNjYFOFydVtMVDMumP.jpg HTTP/1.1" 200 17874 "http://localhost/" "Mozilla/5.0 (Linux; Android 6.0; Nexus 5 Build/MRA58N) AppleWebKit/537.36 (KHTML, like Gecko) Chrome/126.0.0.0 Mobile Safari/537.36"
192.168.167.219 - - [27/Jul/2024:17:38:56 +0000] "GET /storage/pariwisata/DGr7oy02rl8KyhlrdNJcXsZAbj1hc4j4v6PzDWkH.jpg HTTP/1.1" 304 0 "http://localhost/" "Mozilla/5.0 (Linux; Android 6.0; Nexus 5 Build/MRA58N) AppleWebKit/537.36 (KHTML, like Gecko) Chrome/126.0.0.0 Mobile Safari/537.36"
192.168.167.219 - - [27/Jul/2024:17:38:56 +0000] "GET /storage/pariwisata/0 HTTP/1.1" 404 2311 "http://localhost/" "Mozilla/5.0 (Linux; Android 6.0; Nexus 5 Build/MRA58N) AppleWebKit/537.36 (KHTML, like Gecko) Chrome/126.0.0.0 Mobile Safari/537.36"
172.28.0.1 - - [27/Jul/2024:17:55:17 +0000] "GET /api/pariwisata HTTP/1.1" 200 1414 "-" "GuzzleHttp/7"
172.28.0.1 - - [27/Jul/2024:17:55:17 +0000] "GET /admin/pariwisata HTTP/1.1" 200 5715 "http://localhost/admin/pariwisata" "Mozilla/5.0 (Linux; Android 6.0; Nexus 5 Build/MRA58N) AppleWebKit/537.36 (KHTML, like Gecko) Chrome/126.0.0.0 Mobile Safari/537.36"
192.168.167.219 - - [27/Jul/2024:17:55:17 +0000] "GET /storage/pariwisata/DGr7oy02rl8KyhlrdNJcXsZAbj1hc4j4v6PzDWkH.jpg HTTP/1.1" 304 0 "http://localhost/" "Mozilla/5.0 (Linux; Android 6.0; Nexus 5 Build/MRA58N) AppleWebKit/537.36 (KHTML, like Gecko) Chrome/126.0.0.0 Mobile Safari/537.36"
192.168.167.219 - - [27/Jul/2024:17:55:17 +0000] "GET /storage/pariwisata/Tij2dVfp9smXoHUzvll2VFyNjYFOFydVtMVDMumP.jpg HTTP/1.1" 304 0 "http://localhost/" "Mozilla/5.0 (Linux; Android 6.0; Nexus 5 Build/MRA58N) AppleWebKit/537.36 (KHTML, like Gecko) Chrome/126.0.0.0 Mobile Safari/537.36"
192.168.167.219 - - [27/Jul/2024:17:55:18 +0000] "GET /storage/pariwisata/0 HTTP/1.1" 404 2311 "http://localhost/" "Mozilla/5.0 (Linux; Android 6.0; Nexus 5 Build/MRA58N) AppleWebKit/537.36 (KHTML, like Gecko) Chrome/126.0.0.0 Mobile Safari/537.36"
172.28.0.1 - - [27/Jul/2024:17:55:24 +0000] "GET /api/berita?pub=1&judul= HTTP/1.1" 200 2332 "-" "GuzzleHttp/7"
172.28.0.1 - - [27/Jul/2024:17:55:24 +0000] "GET /api/pengumuman?pub=1&judul= HTTP/1.1" 200 4622 "-" "GuzzleHttp/7"
172.28.0.1 - - [27/Jul/2024:17:55:25 +0000] "GET /api/berita?pub=0&judul= HTTP/1.1" 200 2818 "-" "GuzzleHttp/7"
172.28.0.1 - - [27/Jul/2024:17:55:25 +0000] "GET /api/pengumuman?pub=0&judul= HTTP/1.1" 200 2274 "-" "GuzzleHttp/7"
172.28.0.1 - - [27/Jul/2024:17:55:25 +0000] "GET /api/aspirasi?judul= HTTP/1.1" 200 3476 "-" "GuzzleHttp/7"
172.28.0.1 - - [27/Jul/2024:17:55:25 +0000] "GET /admin/informasi HTTP/1.1" 200 20568 "http://localhost/admin/pariwisata" "Mozilla/5.0 (Linux; Android 6.0; Nexus 5 Build/MRA58N) AppleWebKit/537.36 (KHTML, like Gecko) Chrome/126.0.0.0 Mobile Safari/537.36"
192.168.167.219 - - [27/Jul/2024:17:55:25 +0000] "GET /storage/berita/UnHNglljbAkIw4OInPf6qBu9v8mCSyrd6805qrLM.jpg HTTP/1.1" 304 0 "http://localhost/" "Mozilla/5.0 (Linux; Android 6.0; Nexus 5 Build/MRA58N) AppleWebKit/537.36 (KHTML, like Gecko) Chrome/126.0.0.0 Mobile Safari/537.36"
172.28.0.1 - - [27/Jul/2024:17:57:36 +0000] "GET /api/umkm?nama= HTTP/1.1" 200 4311 "-" "GuzzleHttp/7"
172.28.0.1 - - [27/Jul/2024:17:57:36 +0000] "GET /admin/umkm HTTP/1.1" 200 10564 "http://localhost/admin/informasi" "Mozilla/5.0 (X11; Linux x86_64) AppleWebKit/537.36 (KHTML, like Gecko) Chrome/126.0.0.0 Safari/537.36"
172.28.0.1 - - [27/Jul/2024:17:57:37 +0000] "GET /peta-wilayah HTTP/1.1" 200 1567 "http://localhost/admin/umkm" "Mozilla/5.0 (X11; Linux x86_64) AppleWebKit/537.36 (KHTML, like Gecko) Chrome/126.0.0.0 Safari/537.36"
172.28.0.1 - - [27/Jul/2024:17:57:37 +0000] "GET /map-style.css HTTP/1.1" 304 0 "http://localhost/peta-wilayah" "Mozilla/5.0 (X11; Linux x86_64) AppleWebKit/537.36 (KHTML, like Gecko) Chrome/126.0.0.0 Safari/537.36"
172.28.0.1 - - [28/Jul/2024:02:32:30 +0000] "GET /admin/profil-desa HTTP/1.1" 302 346 "-" "Mozilla/5.0 (X11; Linux x86_64) AppleWebKit/537.36 (KHTML, like Gecko) Chrome/126.0.0.0 Safari/537.36"
172.28.0.1 - - [28/Jul/2024:02:32:31 +0000] "GET /login HTTP/1.1" 200 1174 "-" "Mozilla/5.0 (X11; Linux x86_64) AppleWebKit/537.36 (KHTML, like Gecko) Chrome/126.0.0.0 Safari/537.36"
172.28.0.1 - - [28/Jul/2024:02:32:31 +0000] "GET /build/assets/app-BE07jb7I.css HTTP/1.1" 200 40042 "http://localhost/login" "Mozilla/5.0 (X11; Linux x86_64) AppleWebKit/537.36 (KHTML, like Gecko) Chrome/126.0.0.0 Safari/537.36"
172.28.0.1 - - [28/Jul/2024:02:32:31 +0000] "GET /img/bgAdminLogin.png HTTP/1.1" 304 0 "http://localhost/login" "Mozilla/5.0 (X11; Linux x86_64) AppleWebKit/537.36 (KHTML, like Gecko) Chrome/126.0.0.0 Safari/537.36"
172.28.0.1 - - [28/Jul/2024:02:32:38 +0000] "GET /login HTTP/1.1" 200 1186 "-" "Mozilla/5.0 (X11; Linux x86_64) AppleWebKit/537.36 (KHTML, like Gecko) Chrome/126.0.0.0 Safari/537.36"
172.28.0.1 - - [28/Jul/2024:02:32:47 +0000] "POST /login HTTP/1.1" 500 356191 "http://localhost/login" "Mozilla/5.0 (X11; Linux x86_64) AppleWebKit/537.36 (KHTML, like Gecko) Chrome/126.0.0.0 Safari/537.36"
172.28.0.1 - - [28/Jul/2024:02:32:59 +0000] "POST /api/login HTTP/1.1" 200 131 "-" "GuzzleHttp/7"
172.28.0.1 - - [28/Jul/2024:02:32:59 +0000] "POST /login HTTP/1.1" 302 394 "http://localhost/login" "Mozilla/5.0 (X11; Linux x86_64) AppleWebKit/537.36 (KHTML, like Gecko) Chrome/126.0.0.0 Safari/537.36"
172.28.0.1 - - [28/Jul/2024:02:32:59 +0000] "GET /api/data-desa/1 HTTP/1.1" 200 584 "-" "GuzzleHttp/7"
172.28.0.1 - - [28/Jul/2024:02:32:59 +0000] "GET /api/v-misi HTTP/1.1" 200 695 "-" "GuzzleHttp/7"
172.28.0.1 - - [28/Jul/2024:02:32:59 +0000] "GET /api/data-desa/2 HTTP/1.1" 200 443 "-" "GuzzleHttp/7"
172.28.0.1 - - [28/Jul/2024:02:32:59 +0000] "GET /admin/profil-desa HTTP/1.1" 200 5358 "http://localhost/login" "Mozilla/5.0 (X11; Linux x86_64) AppleWebKit/537.36 (KHTML, like Gecko) Chrome/126.0.0.0 Safari/537.36"
172.28.0.1 - - [28/Jul/2024:02:33:04 +0000] "GET /api/umkm?nama= HTTP/1.1" 200 4307 "-" "GuzzleHttp/7"
172.28.0.1 - - [28/Jul/2024:02:33:04 +0000] "GET /admin/umkm HTTP/1.1" 200 10587 "http://localhost/admin/profil-desa" "Mozilla/5.0 (X11; Linux x86_64) AppleWebKit/537.36 (KHTML, like Gecko) Chrome/126.0.0.0 Safari/537.36"
172.28.0.1 - - [28/Jul/2024:02:33:05 +0000] "GET /peta-wilayah HTTP/1.1" 200 1567 "http://localhost/admin/umkm" "Mozilla/5.0 (X11; Linux x86_64) AppleWebKit/537.36 (KHTML, like Gecko) Chrome/126.0.0.0 Safari/537.36"
172.28.0.1 - - [28/Jul/2024:02:33:05 +0000] "GET /map-style.css HTTP/1.1" 304 0 "http://localhost/peta-wilayah" "Mozilla/5.0 (X11; Linux x86_64) AppleWebKit/537.36 (KHTML, like Gecko) Chrome/126.0.0.0 Safari/537.36"
172.28.0.1 - - [28/Jul/2024:02:33:09 +0000] "GET /api/perangkat-desa HTTP/1.1" 200 1564 "-" "GuzzleHttp/7"
172.28.0.1 - - [28/Jul/2024:02:33:09 +0000] "GET /api/lembaga?nama= HTTP/1.1" 200 1312 "-" "GuzzleHttp/7"
172.28.0.1 - - [28/Jul/2024:02:33:09 +0000] "GET /api/data-desa/3 HTTP/1.1" 200 448 "-" "GuzzleHttp/7"
172.28.0.1 - - [28/Jul/2024:02:33:09 +0000] "GET /admin/pemerintahan HTTP/1.1" 200 9994 "http://localhost/admin/umkm" "Mozilla/5.0 (X11; Linux x86_64) AppleWebKit/537.36 (KHTML, like Gecko) Chrome/126.0.0.0 Safari/537.36"
192.168.43.219 - - [28/Jul/2024:02:33:09 +0000] "GET /storage/perangkat-desa/488e4153b0e6a5bdab365255b80dee45.png HTTP/1.1" 304 0 "http://localhost/" "Mozilla/5.0 (X11; Linux x86_64) AppleWebKit/537.36 (KHTML, like Gecko) Chrome/126.0.0.0 Safari/537.36"
192.168.43.219 - - [28/Jul/2024:02:33:09 +0000] "GET /storage/perangkat-desa/7zsuWfMG16vWZQUV8qrwku4ugJoMYTrDrdM3cqh0.jpg HTTP/1.1" 200 222570 "http://localhost/" "Mozilla/5.0 (X11; Linux x86_64) AppleWebKit/537.36 (KHTML, like Gecko) Chrome/126.0.0.0 Safari/537.36"
192.168.43.219 - - [28/Jul/2024:02:33:09 +0000] "GET /storage/perangkat-desa/mMOhiRHEC52isIiB8zLdmIggyKZwcznXNK2TNZXA.jpg HTTP/1.1" 304 0 "http://localhost/" "Mozilla/5.0 (X11; Linux x86_64) AppleWebKit/537.36 (KHTML, like Gecko) Chrome/126.0.0.0 Safari/537.36"
192.168.43.219 - - [28/Jul/2024:02:33:09 +0000] "GET /storage/perangkat-desa/0 HTTP/1.1" 404 2311 "http://localhost/" "Mozilla/5.0 (X11; Linux x86_64) AppleWebKit/537.36 (KHTML, like Gecko) Chrome/126.0.0.0 Safari/537.36"
172.28.0.1 - - [28/Jul/2024:02:33:18 +0000] "DELETE /api/lembaga/9 HTTP/1.1" 200 70 "-" "GuzzleHttp/7"
172.28.0.1 - - [28/Jul/2024:02:33:18 +0000] "POST /admin/lembaga/9 HTTP/1.1" 302 398 "http://localhost/admin/pemerintahan" "Mozilla/5.0 (X11; Linux x86_64) AppleWebKit/537.36 (KHTML, like Gecko) Chrome/126.0.0.0 Safari/537.36"
172.28.0.1 - - [28/Jul/2024:02:33:18 +0000] "GET /api/perangkat-desa HTTP/1.1" 200 1564 "-" "GuzzleHttp/7"
172.28.0.1 - - [28/Jul/2024:02:33:18 +0000] "GET /api/lembaga?nama= HTTP/1.1" 200 1126 "-" "GuzzleHttp/7"
172.28.0.1 - - [28/Jul/2024:02:33:18 +0000] "GET /api/data-desa/3 HTTP/1.1" 200 448 "-" "GuzzleHttp/7"
172.28.0.1 - - [28/Jul/2024:02:33:18 +0000] "GET /admin/pemerintahan HTTP/1.1" 200 9815 "http://localhost/admin/pemerintahan" "Mozilla/5.0 (X11; Linux x86_64) AppleWebKit/537.36 (KHTML, like Gecko) Chrome/126.0.0.0 Safari/537.36"
192.168.43.219 - - [28/Jul/2024:02:33:19 +0000] "GET /storage/perangkat-desa/0 HTTP/1.1" 404 2311 "http://localhost/" "Mozilla/5.0 (X11; Linux x86_64) AppleWebKit/537.36 (KHTML, like Gecko) Chrome/126.0.0.0 Safari/537.36"
172.28.0.1 - - [28/Jul/2024:02:33:25 +0000] "GET /api/perangkat-desa HTTP/1.1" 200 1564 "-" "GuzzleHttp/7"
172.28.0.1 - - [28/Jul/2024:02:33:25 +0000] "GET /api/lembaga?nama= HTTP/1.1" 200 1126 "-" "GuzzleHttp/7"
172.28.0.1 - - [28/Jul/2024:02:33:25 +0000] "GET /api/data-desa/3 HTTP/1.1" 200 448 "-" "GuzzleHttp/7"
172.28.0.1 - - [28/Jul/2024:02:33:25 +0000] "GET /admin/pemerintahan HTTP/1.1" 200 9620 "http://localhost/admin/pemerintahan" "Mozilla/5.0 (X11; Linux x86_64) AppleWebKit/537.36 (KHTML, like Gecko) Chrome/126.0.0.0 Safari/537.36"
192.168.43.219 - - [28/Jul/2024:02:33:25 +0000] "GET /storage/perangkat-desa/0 HTTP/1.1" 404 2311 "http://localhost/" "Mozilla/5.0 (X11; Linux x86_64) AppleWebKit/537.36 (KHTML, like Gecko) Chrome/126.0.0.0 Safari/537.36"
172.28.0.1 - - [28/Jul/2024:02:42:17 +0000] "GET /api/perangkat-desa HTTP/1.1" 200 1564 "-" "GuzzleHttp/7"
172.28.0.1 - - [28/Jul/2024:02:42:17 +0000] "GET /api/lembaga?nama= HTTP/1.1" 200 1126 "-" "GuzzleHttp/7"
172.28.0.1 - - [28/Jul/2024:02:42:17 +0000] "GET /api/data-desa/3 HTTP/1.1" 200 448 "-" "GuzzleHttp/7"
172.28.0.1 - - [28/Jul/2024:02:42:17 +0000] "GET /admin/pemerintahan HTTP/1.1" 200 9956 "http://localhost/admin/pemerintahan" "Mozilla/5.0 (X11; Linux x86_64) AppleWebKit/537.36 (KHTML, like Gecko) Chrome/126.0.0.0 Safari/537.36"
192.168.43.219 - - [28/Jul/2024:02:42:18 +0000] "GET /storage/perangkat-desa/0 HTTP/1.1" 404 2311 "http://localhost/" "Mozilla/5.0 (X11; Linux x86_64) AppleWebKit/537.36 (KHTML, like Gecko) Chrome/126.0.0.0 Safari/537.36"
172.28.0.1 - - [28/Jul/2024:02:42:22 +0000] "GET /api/perangkat-desa HTTP/1.1" 200 1564 "-" "GuzzleHttp/7"
172.28.0.1 - - [28/Jul/2024:02:42:22 +0000] "GET /api/lembaga?nama= HTTP/1.1" 200 1126 "-" "GuzzleHttp/7"
172.28.0.1 - - [28/Jul/2024:02:42:22 +0000] "GET /api/data-desa/3 HTTP/1.1" 200 448 "-" "GuzzleHttp/7"
172.28.0.1 - - [28/Jul/2024:02:42:22 +0000] "GET /admin/pemerintahan HTTP/1.1" 200 9956 "http://localhost/admin/pemerintahan" "Mozilla/5.0 (X11; Linux x86_64) AppleWebKit/537.36 (KHTML, like Gecko) Chrome/126.0.0.0 Safari/537.36"
192.168.43.219 - - [28/Jul/2024:02:42:22 +0000] "GET /storage/perangkat-desa/0 HTTP/1.1" 404 2311 "http://localhost/" "Mozilla/5.0 (X11; Linux x86_64) AppleWebKit/537.36 (KHTML, like Gecko) Chrome/126.0.0.0 Safari/537.36"
172.28.0.1 - - [28/Jul/2024:02:42:39 +0000] "GET /api/perangkat-desa HTTP/1.1" 200 1564 "-" "GuzzleHttp/7"
172.28.0.1 - - [28/Jul/2024:02:42:39 +0000] "GET /api/lembaga?nama= HTTP/1.1" 200 1126 "-" "GuzzleHttp/7"
172.28.0.1 - - [28/Jul/2024:02:42:39 +0000] "GET /api/data-desa/3 HTTP/1.1" 200 448 "-" "GuzzleHttp/7"
172.28.0.1 - - [28/Jul/2024:02:42:39 +0000] "GET /admin/pemerintahan HTTP/1.1" 200 9956 "http://localhost/admin/pemerintahan" "Mozilla/5.0 (Linux; Android 6.0; Nexus 5 Build/MRA58N) AppleWebKit/537.36 (KHTML, like Gecko) Chrome/126.0.0.0 Mobile Safari/537.36"
192.168.43.219 - - [28/Jul/2024:02:42:40 +0000] "GET /storage/perangkat-desa/0 HTTP/1.1" 404 2311 "http://localhost/" "Mozilla/5.0 (Linux; Android 6.0; Nexus 5 Build/MRA58N) AppleWebKit/537.36 (KHTML, like Gecko) Chrome/126.0.0.0 Mobile Safari/537.36"
172.28.0.1 - - [28/Jul/2024:02:43:13 +0000] "GET /api/perangkat-desa HTTP/1.1" 200 1564 "-" "GuzzleHttp/7"
172.28.0.1 - - [28/Jul/2024:02:43:13 +0000] "GET /api/lembaga?nama= HTTP/1.1" 200 1126 "-" "GuzzleHttp/7"
172.28.0.1 - - [28/Jul/2024:02:43:13 +0000] "GET /api/data-desa/3 HTTP/1.1" 200 448 "-" "GuzzleHttp/7"
172.28.0.1 - - [28/Jul/2024:02:43:13 +0000] "GET /admin/pemerintahan HTTP/1.1" 200 9997 "http://localhost/admin/pemerintahan" "Mozilla/5.0 (Linux; Android 6.0; Nexus 5 Build/MRA58N) AppleWebKit/537.36 (KHTML, like Gecko) Chrome/126.0.0.0 Mobile Safari/537.36"
192.168.43.219 - - [28/Jul/2024:02:43:13 +0000] "GET /storage/perangkat-desa/0 HTTP/1.1" 404 2311 "http://localhost/" "Mozilla/5.0 (Linux; Android 6.0; Nexus 5 Build/MRA58N) AppleWebKit/537.36 (KHTML, like Gecko) Chrome/126.0.0.0 Mobile Safari/537.36"
172.28.0.1 - - [28/Jul/2024:02:43:24 +0000] "GET /api/perangkat-desa HTTP/1.1" 200 1564 "-" "GuzzleHttp/7"
172.28.0.1 - - [28/Jul/2024:02:43:25 +0000] "GET /api/lembaga?nama= HTTP/1.1" 200 1126 "-" "GuzzleHttp/7"
172.28.0.1 - - [28/Jul/2024:02:43:25 +0000] "GET /api/data-desa/3 HTTP/1.1" 200 448 "-" "GuzzleHttp/7"
172.28.0.1 - - [28/Jul/2024:02:43:25 +0000] "GET /admin/pemerintahan HTTP/1.1" 200 9998 "http://localhost/admin/pemerintahan" "Mozilla/5.0 (Linux; Android 6.0; Nexus 5 Build/MRA58N) AppleWebKit/537.36 (KHTML, like Gecko) Chrome/126.0.0.0 Mobile Safari/537.36"
192.168.43.219 - - [28/Jul/2024:02:43:25 +0000] "GET /storage/perangkat-desa/0 HTTP/1.1" 404 2311 "http://localhost/" "Mozilla/5.0 (Linux; Android 6.0; Nexus 5 Build/MRA58N) AppleWebKit/537.36 (KHTML, like Gecko) Chrome/126.0.0.0 Mobile Safari/537.36"
172.28.0.1 - - [28/Jul/2024:02:47:02 +0000] "GET /api/perangkat-desa HTTP/1.1" 200 1564 "-" "GuzzleHttp/7"
172.28.0.1 - - [28/Jul/2024:02:47:02 +0000] "GET /api/lembaga?nama= HTTP/1.1" 200 1126 "-" "GuzzleHttp/7"
172.28.0.1 - - [28/Jul/2024:02:47:02 +0000] "GET /api/data-desa/3 HTTP/1.1" 200 448 "-" "GuzzleHttp/7"
172.28.0.1 - - [28/Jul/2024:02:47:02 +0000] "GET /admin/pemerintahan HTTP/1.1" 200 9998 "http://localhost/admin/pemerintahan" "Mozilla/5.0 (Linux; Android 6.0; Nexus 5 Build/MRA58N) AppleWebKit/537.36 (KHTML, like Gecko) Chrome/126.0.0.0 Mobile Safari/537.36"
192.168.43.219 - - [28/Jul/2024:02:47:02 +0000] "GET /storage/perangkat-desa/0 HTTP/1.1" 404 2311 "http://localhost/" "Mozilla/5.0 (Linux; Android 6.0; Nexus 5 Build/MRA58N) AppleWebKit/537.36 (KHTML, like Gecko) Chrome/126.0.0.0 Mobile Safari/537.36"
172.28.0.1 - - [28/Jul/2024:02:48:28 +0000] "GET /api/perangkat-desa HTTP/1.1" 200 1564 "-" "GuzzleHttp/7"
172.28.0.1 - - [28/Jul/2024:02:48:28 +0000] "GET /api/lembaga?nama= HTTP/1.1" 200 1126 "-" "GuzzleHttp/7"
172.28.0.1 - - [28/Jul/2024:02:48:28 +0000] "GET /api/data-desa/3 HTTP/1.1" 200 448 "-" "GuzzleHttp/7"
172.28.0.1 - - [28/Jul/2024:02:48:28 +0000] "GET /admin/pemerintahan HTTP/1.1" 200 10027 "http://localhost/admin/pemerintahan" "Mozilla/5.0 (Linux; Android 6.0; Nexus 5 Build/MRA58N) AppleWebKit/537.36 (KHTML, like Gecko) Chrome/126.0.0.0 Mobile Safari/537.36"
192.168.43.219 - - [28/Jul/2024:02:48:29 +0000] "GET /storage/perangkat-desa/0 HTTP/1.1" 404 2311 "http://localhost/" "Mozilla/5.0 (Linux; Android 6.0; Nexus 5 Build/MRA58N) AppleWebKit/537.36 (KHTML, like Gecko) Chrome/126.0.0.0 Mobile Safari/537.36"
172.28.0.1 - - [28/Jul/2024:02:50:20 +0000] "GET /api/perangkat-desa HTTP/1.1" 200 1564 "-" "GuzzleHttp/7"
172.28.0.1 - - [28/Jul/2024:02:50:20 +0000] "GET /api/lembaga?nama= HTTP/1.1" 200 1126 "-" "GuzzleHttp/7"
172.28.0.1 - - [28/Jul/2024:02:50:20 +0000] "GET /api/data-desa/3 HTTP/1.1" 200 448 "-" "GuzzleHttp/7"
172.28.0.1 - - [28/Jul/2024:02:50:20 +0000] "GET /admin/pemerintahan HTTP/1.1" 200 10259 "http://localhost/admin/pemerintahan" "Mozilla/5.0 (Linux; Android 6.0; Nexus 5 Build/MRA58N) AppleWebKit/537.36 (KHTML, like Gecko) Chrome/126.0.0.0 Mobile Safari/537.36"
192.168.43.219 - - [28/Jul/2024:02:50:21 +0000] "GET /storage/perangkat-desa/0 HTTP/1.1" 404 2311 "http://localhost/" "Mozilla/5.0 (Linux; Android 6.0; Nexus 5 Build/MRA58N) AppleWebKit/537.36 (KHTML, like Gecko) Chrome/126.0.0.0 Mobile Safari/537.36"
172.28.0.1 - - [28/Jul/2024:02:50:34 +0000] "GET /api/perangkat-desa HTTP/1.1" 200 1564 "-" "GuzzleHttp/7"
172.28.0.1 - - [28/Jul/2024:02:50:34 +0000] "GET /api/lembaga?nama= HTTP/1.1" 200 1126 "-" "GuzzleHttp/7"
172.28.0.1 - - [28/Jul/2024:02:50:34 +0000] "GET /api/data-desa/3 HTTP/1.1" 200 448 "-" "GuzzleHttp/7"
172.28.0.1 - - [28/Jul/2024:02:50:34 +0000] "GET /admin/pemerintahan HTTP/1.1" 200 10259 "http://localhost/admin/pemerintahan" "Mozilla/5.0 (Linux; Android 6.0; Nexus 5 Build/MRA58N) AppleWebKit/537.36 (KHTML, like Gecko) Chrome/126.0.0.0 Mobile Safari/537.36"
192.168.43.219 - - [28/Jul/2024:02:50:35 +0000] "GET /storage/perangkat-desa/0 HTTP/1.1" 404 2311 "http://localhost/" "Mozilla/5.0 (Linux; Android 6.0; Nexus 5 Build/MRA58N) AppleWebKit/537.36 (KHTML, like Gecko) Chrome/126.0.0.0 Mobile Safari/537.36"
172.28.0.1 - - [28/Jul/2024:02:50:53 +0000] "GET /api/perangkat-desa HTTP/1.1" 200 1564 "-" "GuzzleHttp/7"
172.28.0.1 - - [28/Jul/2024:02:50:53 +0000] "GET /api/lembaga?nama= HTTP/1.1" 200 1126 "-" "GuzzleHttp/7"
172.28.0.1 - - [28/Jul/2024:02:50:53 +0000] "GET /api/data-desa/3 HTTP/1.1" 200 448 "-" "GuzzleHttp/7"
172.28.0.1 - - [28/Jul/2024:02:50:53 +0000] "GET /admin/pemerintahan HTTP/1.1" 200 10259 "http://localhost/admin/pemerintahan" "Mozilla/5.0 (Linux; Android 6.0; Nexus 5 Build/MRA58N) AppleWebKit/537.36 (KHTML, like Gecko) Chrome/126.0.0.0 Mobile Safari/537.36"
192.168.43.219 - - [28/Jul/2024:02:50:54 +0000] "GET /storage/perangkat-desa/0 HTTP/1.1" 404 2311 "http://localhost/" "Mozilla/5.0 (Linux; Android 6.0; Nexus 5 Build/MRA58N) AppleWebKit/537.36 (KHTML, like Gecko) Chrome/126.0.0.0 Mobile Safari/537.36"
172.28.0.1 - - [28/Jul/2024:02:51:02 +0000] "GET /api/perangkat-desa HTTP/1.1" 200 1564 "-" "GuzzleHttp/7"
172.28.0.1 - - [28/Jul/2024:02:51:02 +0000] "GET /api/lembaga?nama= HTTP/1.1" 200 1126 "-" "GuzzleHttp/7"
172.28.0.1 - - [28/Jul/2024:02:51:02 +0000] "GET /api/data-desa/3 HTTP/1.1" 200 448 "-" "GuzzleHttp/7"
172.28.0.1 - - [28/Jul/2024:02:51:02 +0000] "GET /admin/pemerintahan HTTP/1.1" 200 10258 "http://localhost/admin/pemerintahan" "Mozilla/5.0 (Linux; Android 6.0; Nexus 5 Build/MRA58N) AppleWebKit/537.36 (KHTML, like Gecko) Chrome/126.0.0.0 Mobile Safari/537.36"
192.168.43.219 - - [28/Jul/2024:02:51:03 +0000] "GET /storage/perangkat-desa/0 HTTP/1.1" 404 2311 "http://localhost/" "Mozilla/5.0 (Linux; Android 6.0; Nexus 5 Build/MRA58N) AppleWebKit/537.36 (KHTML, like Gecko) Chrome/126.0.0.0 Mobile Safari/537.36"
172.28.0.1 - - [28/Jul/2024:02:51:21 +0000] "GET /api/perangkat-desa HTTP/1.1" 200 1564 "-" "GuzzleHttp/7"
172.28.0.1 - - [28/Jul/2024:02:51:21 +0000] "GET /api/lembaga?nama= HTTP/1.1" 200 1126 "-" "GuzzleHttp/7"
172.28.0.1 - - [28/Jul/2024:02:51:21 +0000] "GET /api/data-desa/3 HTTP/1.1" 200 448 "-" "GuzzleHttp/7"
172.28.0.1 - - [28/Jul/2024:02:51:21 +0000] "GET /admin/pemerintahan HTTP/1.1" 200 10258 "http://localhost/admin/pemerintahan" "Mozilla/5.0 (Linux; Android 6.0; Nexus 5 Build/MRA58N) AppleWebKit/537.36 (KHTML, like Gecko) Chrome/126.0.0.0 Mobile Safari/537.36"
192.168.43.219 - - [28/Jul/2024:02:51:21 +0000] "GET /storage/perangkat-desa/0 HTTP/1.1" 404 2311 "http://localhost/" "Mozilla/5.0 (Linux; Android 6.0; Nexus 5 Build/MRA58N) AppleWebKit/537.36 (KHTML, like Gecko) Chrome/126.0.0.0 Mobile Safari/537.36"
172.28.0.1 - - [28/Jul/2024:02:51:38 +0000] "GET /api/perangkat-desa HTTP/1.1" 200 1564 "-" "GuzzleHttp/7"
172.28.0.1 - - [28/Jul/2024:02:51:38 +0000] "GET /api/lembaga?nama= HTTP/1.1" 200 1126 "-" "GuzzleHttp/7"
172.28.0.1 - - [28/Jul/2024:02:51:38 +0000] "GET /api/data-desa/3 HTTP/1.1" 200 448 "-" "GuzzleHttp/7"
172.28.0.1 - - [28/Jul/2024:02:51:38 +0000] "GET /admin/pemerintahan HTTP/1.1" 200 10255 "http://localhost/admin/pemerintahan" "Mozilla/5.0 (Linux; Android 6.0; Nexus 5 Build/MRA58N) AppleWebKit/537.36 (KHTML, like Gecko) Chrome/126.0.0.0 Mobile Safari/537.36"
192.168.43.219 - - [28/Jul/2024:02:51:38 +0000] "GET /storage/perangkat-desa/0 HTTP/1.1" 404 2311 "http://localhost/" "Mozilla/5.0 (Linux; Android 6.0; Nexus 5 Build/MRA58N) AppleWebKit/537.36 (KHTML, like Gecko) Chrome/126.0.0.0 Mobile Safari/537.36"
172.28.0.1 - - [28/Jul/2024:02:51:47 +0000] "GET /admin/pemerintahan HTTP/1.1" 499 0 "http://localhost/admin/pemerintahan" "Mozilla/5.0 (Linux; Android 6.0; Nexus 5 Build/MRA58N) AppleWebKit/537.36 (KHTML, like Gecko) Chrome/126.0.0.0 Mobile Safari/537.36"
172.28.0.1 - - [28/Jul/2024:02:51:47 +0000] "GET /api/perangkat-desa HTTP/1.1" 200 1564 "-" "GuzzleHttp/7"
172.28.0.1 - - [28/Jul/2024:02:51:48 +0000] "GET /admin/pemerintahan HTTP/1.1" 499 0 "http://localhost/admin/pemerintahan" "Mozilla/5.0 (Linux; Android 6.0; Nexus 5 Build/MRA58N) AppleWebKit/537.36 (KHTML, like Gecko) Chrome/126.0.0.0 Mobile Safari/537.36"
172.28.0.1 - - [28/Jul/2024:02:51:48 +0000] "GET /api/lembaga?nama= HTTP/1.1" 200 1126 "-" "GuzzleHttp/7"
172.28.0.1 - - [28/Jul/2024:02:51:48 +0000] "GET /api/perangkat-desa HTTP/1.1" 200 1564 "-" "GuzzleHttp/7"
172.28.0.1 - - [28/Jul/2024:02:51:48 +0000] "GET /admin/pemerintahan HTTP/1.1" 499 0 "http://localhost/admin/pemerintahan" "Mozilla/5.0 (Linux; Android 6.0; Nexus 5 Build/MRA58N) AppleWebKit/537.36 (KHTML, like Gecko) Chrome/126.0.0.0 Mobile Safari/537.36"
172.28.0.1 - - [28/Jul/2024:02:51:48 +0000] "GET /api/data-desa/3 HTTP/1.1" 200 448 "-" "GuzzleHttp/7"
172.28.0.1 - - [28/Jul/2024:02:51:48 +0000] "GET /api/perangkat-desa HTTP/1.1" 200 1564 "-" "GuzzleHttp/7"
172.28.0.1 - - [28/Jul/2024:02:51:48 +0000] "GET /api/lembaga?nama= HTTP/1.1" 200 1126 "-" "GuzzleHttp/7"
172.28.0.1 - - [28/Jul/2024:02:51:48 +0000] "GET /api/lembaga?nama= HTTP/1.1" 200 1126 "-" "GuzzleHttp/7"
172.28.0.1 - - [28/Jul/2024:02:51:48 +0000] "GET /api/data-desa/3 HTTP/1.1" 200 448 "-" "GuzzleHttp/7"
172.28.0.1 - - [28/Jul/2024:02:51:48 +0000] "GET /api/perangkat-desa HTTP/1.1" 200 1564 "-" "GuzzleHttp/7"
172.28.0.1 - - [28/Jul/2024:02:51:48 +0000] "GET /api/data-desa/3 HTTP/1.1" 200 448 "-" "GuzzleHttp/7"
172.28.0.1 - - [28/Jul/2024:02:51:49 +0000] "GET /api/lembaga?nama= HTTP/1.1" 200 1126 "-" "GuzzleHttp/7"
172.28.0.1 - - [28/Jul/2024:02:51:49 +0000] "GET /api/data-desa/3 HTTP/1.1" 200 448 "-" "GuzzleHttp/7"
172.28.0.1 - - [28/Jul/2024:02:51:49 +0000] "GET /admin/pemerintahan HTTP/1.1" 200 10255 "http://localhost/admin/pemerintahan" "Mozilla/5.0 (Linux; Android 6.0; Nexus 5 Build/MRA58N) AppleWebKit/537.36 (KHTML, like Gecko) Chrome/126.0.0.0 Mobile Safari/537.36"
192.168.43.219 - - [28/Jul/2024:02:51:49 +0000] "GET /storage/perangkat-desa/0 HTTP/1.1" 404 2311 "http://localhost/" "Mozilla/5.0 (Linux; Android 6.0; Nexus 5 Build/MRA58N) AppleWebKit/537.36 (KHTML, like Gecko) Chrome/126.0.0.0 Mobile Safari/537.36"
